INFO:root:

Evaluation for model for task 1: 15/12/2025, 13:24:42

INFO:root:The config is being used from file: config/eval_configs/UCF101/eval_task1.yml
INFO:root:Current task: 1
, Total adapters: 1, Total classifiers: 2.
INFO:root:Expected adapters: 1, Expected classifiers: 2.
INFO:root:Task 1: Loading checkpoint from model_save/pretrained/ucf101/task_0/model/checkpoints/final_model.pth
INFO:root:Loading weights from: model_save/pretrained/ucf101/task_0/model/checkpoints/final_model.pth
INFO:root:Task 1: Freezing all parameters except for the new components.
INFO:root:Model architecture prepared: 1 adapter(s), 2 classifier(s).
INFO:root:

DO NOT WORRY ABOUT THE CHECKPOINT LOADING. 
We're now loading the actual checkpoint from model_save/pretrained/ucf101/task_1/model/checkpoints/final_model_after_ft.pth
INFO:root:Loading weights from: model_save/pretrained/ucf101/task_1/model/checkpoints/final_model_after_ft.pth
INFO:root:| Task: 0 | | Average Loss: 1.2265, | | Average Accuracy: 0.8624, | | Samples: 894 | 
INFO:root:| Task: 1 | | Average Loss: 2.7138, | | Average Accuracy: 0.4750, | | Samples: 80 | 
INFO:root:

=======================================================================================
INFO:root:Model Used: model_save/pretrained/ucf101/task_1/model/checkpoints/final_model_after_ft.pth
INFO:root:Final Accuracy: task_0: 0.8624, task_1: 0.4750
INFO:root:Average Accuracy: 0.6687
INFO:root:

=======================================================================================
